info: syncing channel updates for 1.88.0-x86_64-unknown-linux-gnu
info: latest update on 2025-06-26 for version 1.88.0 (6b00bc388 2025-06-23)
info: downloading 6 components
warn: the missing active toolchain `1.88.0-x86_64-unknown-linux-gnu` has been auto-installed
warn: this might cause rustup commands to take longer time to finish than expected
info: you may opt out with `RUSTUP_AUTO_INSTALL=0` or `rustup set auto-install disable`
    Updating crates.io index
 Downloading crates ...
  Downloaded anyhow v1.0.99
  Downloaded num_enum v0.7.4
  Downloaded ptr_meta v0.3.0
  Downloaded proc-macro-crate v3.3.0
  Downloaded optional_struct_macro v0.5.2
  Downloaded munge_macro v0.4.6
  Downloaded munge v0.4.6
  Downloaded bytecheck v0.8.1
  Downloaded constant_time_eq v0.3.1
  Downloaded rancor v0.1.0
  Downloaded rend v0.5.2
  Downloaded optional_struct v0.5.2
  Downloaded gethostname v1.0.2
  Downloaded thiserror-impl v2.0.16
  Downloaded bimap v0.6.3
  Downloaded find-msvc-tools v0.1.0
  Downloaded bytecheck_derive v0.8.1
  Downloaded bytemuck_derive v1.10.1
  Downloaded num_enum_derive v0.7.4
  Downloaded thiserror v2.0.16
  Downloaded tempfile v3.21.0
  Downloaded camino v1.1.12
  Downloaded rkyv_derive v0.8.15
  Downloaded serde_derive v1.0.219
  Downloaded ptr_meta_derive v0.3.0
  Downloaded tinyvec v1.10.0
  Downloaded polling v3.10.0
  Downloaded serde v1.0.219
  Downloaded cc v1.2.35
  Downloaded indexmap v2.11.0
  Downloaded calloop v0.14.3
  Downloaded rkyv v0.8.15
  Downloaded serde_json v1.0.143
  Downloaded divbuf v0.4.1
  Downloaded bpaf v0.9.20
  Downloaded blake3 v1.8.2
  Downloaded ron v0.11.0
  Downloaded calloop-wayland-source v0.4.0
  Downloaded lagoon v0.1.3
  Downloaded merkle_hash v3.8.0
   Compiling proc-macro2 v1.0.101
   Compiling unicode-ident v1.0.18
   Compiling libc v0.2.175
   Compiling find-msvc-tools v0.1.0
   Compiling shlex v1.3.0
   Compiling serde v1.0.219
   Compiling pkg-config v0.3.32
   Compiling autocfg v1.5.0
   Compiling rustix v1.0.8
   Compiling linux-raw-sys v0.9.4
   Compiling cfg-if v1.0.3
   Compiling smallvec v1.15.1
   Compiling downcast-rs v1.2.1
   Compiling memchr v2.7.5
   Compiling wayland-client v0.31.11
   Compiling once_cell v1.21.3
   Compiling crossbeam-utils v0.8.21
   Compiling typenum v1.18.0
   Compiling version_check v0.9.5
   Compiling tracing-core v0.1.34
   Compiling cfg_aliases v0.2.1
   Compiling getrandom v0.3.3
   Compiling log v0.4.28
   Compiling rayon-core v1.13.0
   Compiling nix v0.30.1
   Compiling memoffset v0.9.1
   Compiling lock_api v0.4.13
   Compiling generic-array v0.14.7
   Compiling zerocopy v0.8.26
   Compiling quick-xml v0.37.5
   Compiling scopeguard v1.2.0
   Compiling wayland-sys v0.31.7
   Compiling num-traits v0.2.19
   Compiling hashbrown v0.15.5
   Compiling pin-project-lite v0.2.16
   Compiling equivalent v1.0.2
   Compiling camino v1.1.12
   Compiling arrayvec v0.7.6
   Compiling crossbeam-epoch v0.9.18
   Compiling quote v1.0.40
   Compiling thiserror v2.0.16
   Compiling winnow v0.7.13
   Compiling arrayref v0.3.9
   Compiling toml_datetime v0.6.11
   Compiling crossbeam-deque v0.8.6
   Compiling either v1.15.0
   Compiling syn v2.0.106
   Compiling jobserver v0.1.34
   Compiling rustix v0.38.44
   Compiling constant_time_eq v0.3.1
   Compiling parking_lot_core v0.9.11
   Compiling slab v0.4.11
   Compiling indexmap v2.11.0
   Compiling cc v1.2.35
   Compiling wayland-scanner v0.31.7
   Compiling linux-raw-sys v0.4.15
   Compiling simdutf8 v0.1.5
   Compiling zstd-safe v7.2.4
   Compiling thiserror v1.0.69
   Compiling cursor-icon v1.2.0
   Compiling block-buffer v0.10.4
   Compiling rayon v1.11.0
   Compiling crypto-common v0.1.6
   Compiling drm-fourcc v2.2.0
   Compiling cgmath v0.18.0
   Compiling rustversion v1.0.22
   Compiling digest v0.10.7
   Compiling smithay-client-toolkit v0.20.0
   Compiling x11rb-protocol v0.13.2
   Compiling anyhow v1.0.99
   Compiling same-file v1.0.6
   Compiling serde_json v1.0.143
   Compiling heck v0.5.0
   Compiling memmap2 v0.9.8
   Compiling approx v0.4.0
   Compiling xcursor v0.3.10
   Compiling rand_core v0.9.3
   Compiling lazy_static v1.5.0
   Compiling cpufeatures v0.2.17
   Compiling fastrand v2.3.0
   Compiling smithay v0.7.0
   Compiling sha2 v0.10.9
   Compiling parking_lot v0.12.4
   Compiling crossbeam-channel v0.5.15
   Compiling sharded-slab v0.1.7
   Compiling ppv-lite86 v0.2.21
   Compiling toml_edit v0.22.27
   Compiling walkdir v2.5.0
   Compiling wayland-backend v0.3.11
   Compiling blake3 v1.8.2
   Compiling zstd-sys v2.0.16+zstd.1.5.7
   Compiling rand_chacha v0.9.0
   Compiling errno v0.3.13
   Compiling num_cpus v1.17.0
   Compiling spin v0.9.8
   Compiling tracing-log v0.2.0
   Compiling encoding_rs v0.8.35
   Compiling rand v0.9.4
   Compiling thread_local v1.1.9
   Compiling appendlist v1.4.0
   Compiling byteorder v1.5.0
   Compiling hashbrown v0.16.1
   Compiling atomic_float v1.1.0
   Compiling nu-ansi-term v0.50.1
   Compiling itoa v1.0.15
   Compiling ryu v1.0.20
   Compiling base64 v0.22.1
   Compiling itertools v0.14.0
   Compiling tracing-subscriber v0.3.20
   Compiling lagoon v0.1.3
   Compiling divbuf v0.4.1
   Compiling bpaf v0.9.20
   Compiling proc-macro-crate v3.3.0
   Compiling bimap v0.6.3
   Compiling merkle_hash v3.8.0
   Compiling fallible-iterator v0.3.0
   Compiling home v0.5.11
   Compiling static_assertions v1.1.0
   Compiling whoami v1.6.1
   Compiling wprs v0.1.0 (/tmp/wprs)
   Compiling serde_derive v1.0.219
   Compiling bytemuck_derive v1.10.1
   Compiling ptr_meta_derive v0.3.0
   Compiling tracing-attributes v0.1.30
   Compiling bytecheck_derive v0.8.1
   Compiling thiserror-impl v2.0.16
   Compiling profiling-procmacros v1.0.17
   Compiling munge_macro v0.4.6
   Compiling thiserror-impl v1.0.69
   Compiling ptr_meta v0.3.0
   Compiling num_enum_derive v0.7.4
   Compiling enum-as-inner v0.6.1
   Compiling rancor v0.1.0
   Compiling profiling v1.0.17
   Compiling optional_struct_macro v0.5.2
   Compiling bytecheck v0.8.1
   Compiling rkyv_derive v0.8.15
   Compiling bytemuck v1.23.2
   Compiling rend v0.5.2
   Compiling munge v0.4.6
   Compiling xkeysym v0.2.1
   Compiling tracing v0.1.41
   Compiling xkbcommon v0.8.0
   Compiling num_enum v0.7.4
   Compiling rkyv v0.8.15
   Compiling bitflags v2.9.4
   Compiling optional_struct v0.5.2
   Compiling ron v0.11.0
   Compiling sysctl v0.6.0
   Compiling polling v3.10.0
   Compiling gethostname v1.0.2
   Compiling tempfile v3.21.0
   Compiling x11rb v0.13.2
   Compiling calloop v0.14.3
   Compiling wayland-server v0.31.10
   Compiling wayland-csd-frame v0.3.0
   Compiling wayland-protocols v0.32.9
   Compiling calloop-wayland-source v0.4.0
   Compiling wayland-cursor v0.31.11
   Compiling zstd v0.13.3
   Compiling wayland-protocols-misc v0.3.9
   Compiling wayland-protocols-wlr v0.3.9
   Compiling wayland-protocols-experimental v20250721.0.1
    Finished `release` profile [optimized] target(s) in 1m 07s
EXIT 0
